0 verbose cli C:\Program Files\nodejs\node.exe C:\Program Files\nodejs\node_modules\npm\bin\npm-cli.js
1 info using npm@11.13.0
2 info using node@v24.16.0
3 silly config load:file:C:\Program Files\nodejs\node_modules\npm\npmrc
4 silly config load:file:C:\Users\Gekali\gkli-cob\.npmrc
5 silly config load:file:C:\Users\Gekali\.npmrc
6 silly config load:file:C:\Users\Gekali\AppData\Roaming\npm\etc\npmrc
7 verbose title npm install @supabase/supabase-js @supabase/ssr
8 verbose argv "install" "--no-audit" "--fund" "false" "--cache" ".\\.npm-cache" "@supabase/supabase-js" "@supabase/ssr"
9 verbose logfile logs-max:10 dir:C:\Users\Gekali\gkli-cob\.npm-cache\_logs\2026-06-01T02_53_10_949Z-
10 verbose logfile C:\Users\Gekali\gkli-cob\.npm-cache\_logs\2026-06-01T02_53_10_949Z-debug-0.log
11 silly logfile done cleaning log files
12 silly packumentCache heap:4496293888 maxSize:1124073472 maxEntrySize:562036736
13 silly idealTree buildDeps
14 silly fetch manifest @supabase/ssr@^0.10.3
15 silly packumentCache full:https://registry.npmjs.org/@supabase%2fssr cache-miss
16 http fetch GET 200 https://registry.npmjs.org/npm 336ms
17 http fetch GET 200 https://registry.npmjs.org/@supabase%2fssr 322ms (cache miss)
18 silly packumentCache full:https://registry.npmjs.org/@supabase%2fssr set size:undefined disposed:false
19 silly fetch manifest @supabase/supabase-js@^2.106.2
20 silly packumentCache full:https://registry.npmjs.org/@supabase%2fsupabase-js cache-miss
21 http fetch GET 200 https://registry.npmjs.org/@supabase%2fsupabase-js 152ms (cache miss)
22 silly packumentCache full:https://registry.npmjs.org/@supabase%2fsupabase-js set size:undefined disposed:false
23 silly placeDep ROOT @supabase/ssr@0.10.3 REPLACE for: gkli-cobranca@0.1.0 want: ^0.10.3
24 silly placeDep ROOT @supabase/supabase-js@2.106.2 REPLACE for: gkli-cobranca@0.1.0 want: ^2.106.2
25 silly reify moves {}
26 verbose cwd C:\Users\Gekali\gkli-cob
27 verbose os Windows_NT 10.0.26200
28 verbose node v24.16.0
29 verbose npm  v11.13.0
30 notice
30 notice New minor version of npm available! 11.13.0 -> 11.16.0
30 notice Changelog: https://github.com/npm/cli/releases/tag/v11.16.0
30 notice To update run: npm install -g npm@11.16.0
30 notice  { force: true, Symbol(proc-log.meta): true }
31 verbose exit 0
32 info ok
